This is pdfTeX, Version 3.141592653-2.6-1.40.26 (TeX Live 2025/dev/Debian) (preloaded format=pdflatex 2026.4.14)  2 MAY 2026 15:59
entering extended mode
 restricted \write18 enabled.
 %&-line parsing enabled.
**/home/khanh/Projects/DifficultyAgri/docs/Reflecsion/__latexindent_temp_main.t
ex -y=defaultIndent: '    '

(/home/khanh/Projects/DifficultyAgri/docs/Reflecsion/__latexindent_temp_main.te
x
LaTeX2e <2024-11-01> patch level 2
L3 programming layer <2025-01-18>

! LaTeX Error: Missing \begin{document}.

See the LaTeX manual or LaTeX Companion for explanation.
Type  H <return>  for immediate help.
 ...                                              
                                                  
l.1 T
     his is pdfTeX, Version 3.141592653-2.6-1.40.26 (TeX Live 2025/dev/Debia...

? 
! Emergency stop.
 ...                                              
                                                  
l.1 T
     his is pdfTeX, Version 3.141592653-2.6-1.40.26 (TeX Live 2025/dev/Debia...

You're in trouble here.  Try typing  <return>  to proceed.
If that doesn't work, type  X <return>  to quit.

 
Here is how much of TeX's memory you used:
 16 strings out of 475102
 710 string characters out of 5764877
 387093 words of memory out of 5000000
 23118 multiletter control sequences out of 15000+600000
 558837 words of font info for 36 fonts, out of 8000000 for 9000
 59 hyphenation exceptions out of 8191
 15i,0n,18p,242b,14s stack positions out of 10000i,1000n,20000p,200000b,200000s
!  ==> Fatal error occurred, no output PDF file produced!

